// Jest Snapshot v1, https://goo.gl/fbAQLP

exports[`Pruebas sobre SearchPage Debe mostrarse correctamente con valores por defecto 1`] = `"body"`;
